$ go run src/grpc_attestor.go \
 --grpcport :50051 \
   --unsealPcrs=0,7  --caCertTLS certs/CA_crt.pem \
    --servercert certs/attestor_crt.pem \
     --serverkey certs/attestor_key.pem \
       -useFullAttestation=true --readEventLog=true  \
        --platformCertFile certs/platform_cert.der   --v=20 -alsologtostderr

I0521 12:49:01.741325   31761 grpc_attestor.go:1376] Starting gRPC server on port :50051
I0521 12:50:00.866430   31761 grpc_attestor.go:135] >> inbound request
I0521 12:50:00.866461   31761 grpc_attestor.go:158] HealthCheck called for Service [verifier.VerifierServer]
I0521 12:50:00.867740   31761 grpc_attestor.go:135] >> inbound request
I0521 12:50:00.867769   31761 grpc_attestor.go:172] ======= GetPlatformCert ========
I0521 12:50:00.867778   31761 grpc_attestor.go:173]      client provided uid: 369c327d-ad1f-401c-aa91-d9b0e69bft67
I0521 12:50:00.867839   31761 grpc_attestor.go:191]      Returning GetPlatformCert ========
I0521 12:50:00.869191   31761 grpc_attestor.go:135] >> inbound request
I0521 12:50:00.869209   31761 grpc_attestor.go:303] ======= GetEKCert ========
I0521 12:50:00.869217   31761 grpc_attestor.go:304]      client provided uid: 369c327d-ad1f-401c-aa91-d9b0e69bft67
I0521 12:50:00.869230   31761 grpc_attestor.go:310] =============== Load EncryptionKey and Certificate from NV ===============
I0521 12:50:00.888257   31761 grpc_attestor.go:329]      Encryption PEM 
-----BEGIN PUBLIC KEY-----
MIIBIjANBgkqhkiG9w0BAQEFAAOCAQ8AMIIBCgKCAQEAzCq5yySh4zpFzZsNBTnM
Ntj58GInpkAiDksYviuBnmIEzqR8Mqwd1wdDHNlFNMJISW5rVsYESFQ26sU8sUV5
GK+9foWZEBfXyBnSThFPhXM3j3RTONohmuDYjNuK4FBUVfRPyY2cVi613FGYnsDj
kaUlAsh5/CCFfnE2H+ussJ4rm71ErYGxDDD6LTZAlKepwYLuiU7SYigVtfjKxW5H
vJWjcfadRu6qS5SBnuM7175vRPg8XBWEXtiFmup45ruC1c2Q+hTeuC65WKx3Bwp2
0rJQn4g3nLZpmORgLuCICYZk+7hEbV/ntBS5BunNjE4/OGCyMJLWrq5syNRoxuBc
/wIDAQAB
-----END PUBLIC KEY-----
I0521 12:50:00.897271   31761 grpc_attestor.go:341]      Encryption Issuer x509 EK/AK CA Intermediate
I0521 12:50:00.900277   31761 grpc_attestor.go:356]      Returning GetEKCert
I0521 12:50:00.907729   31761 grpc_attestor.go:135] >> inbound request
I0521 12:50:00.907749   31761 grpc_attestor.go:365] ======= GetAK ========
I0521 12:50:00.907758   31761 grpc_attestor.go:366]      client provided uid: 369c327d-ad1f-401c-aa91-d9b0e69bft67
I0521 12:50:00.909319   31761 grpc_attestor.go:374]      PCR [0] Value a0b5ff3383a1116bd7dc6df177c0c2d433b9ee1813ea958fa5d166a202cb2a85 
I0521 12:50:00.910870   31761 grpc_attestor.go:374]      PCR [7] Value 39227c17e8779c0db03bbb4b6275f3871c97c59b3146768218887b825659e989 
I0521 12:50:00.910886   31761 grpc_attestor.go:380]      createPrimary
I0521 12:50:01.008253   31761 grpc_attestor.go:404]      tpmEkPub: 
&{25773683068590600538367327096779148064988002340842935539076295455411875629577931139069897151824051671367951870283711715823527562704410254730293373294543316868807328884277498957535005042957943913069146929034298080296286634714020295812897573984090848296558292699525466061268192445839059519678224266228945277285705252961087015513258798387625987634542396735300439853338410583879005404693580395160415152946686595821432482941197489235727746003662420054141063824470772078160228606174744052844648440360685692196223070451848314137122444880219476646277185154129742752765606341354961810673976905875902481077468100148875367570687 65537}
I0521 12:50:01.008408   31761 grpc_attestor.go:417]      ekPub Name: 000b21d6b9e1a0a9cbb6b56431dda86e87663c1f1d7b43616c7898a1b030d87f9e16
I0521 12:50:01.008428   31761 grpc_attestor.go:418]      ekPubPEM: 
-----BEGIN PUBLIC KEY-----
MIIBIjANBgkqhkiG9w0BAQEFAAOCAQ8AMIIBCgKCAQEAzCq5yySh4zpFzZsNBTnM
Ntj58GInpkAiDksYviuBnmIEzqR8Mqwd1wdDHNlFNMJISW5rVsYESFQ26sU8sUV5
GK+9foWZEBfXyBnSThFPhXM3j3RTONohmuDYjNuK4FBUVfRPyY2cVi613FGYnsDj
kaUlAsh5/CCFfnE2H+ussJ4rm71ErYGxDDD6LTZAlKepwYLuiU7SYigVtfjKxW5H
vJWjcfadRu6qS5SBnuM7175vRPg8XBWEXtiFmup45ruC1c2Q+hTeuC65WKx3Bwp2
0rJQn4g3nLZpmORgLuCICYZk+7hEbV/ntBS5BunNjE4/OGCyMJLWrq5syNRoxuBc
/wIDAQAB
-----END PUBLIC KEY-----
I0521 12:50:01.008456   31761 grpc_attestor.go:424]      tpmEkPub: 
&{25773683068590600538367327096779148064988002340842935539076295455411875629577931139069897151824051671367951870283711715823527562704410254730293373294543316868807328884277498957535005042957943913069146929034298080296286634714020295812897573984090848296558292699525466061268192445839059519678224266228945277285705252961087015513258798387625987634542396735300439853338410583879005404693580395160415152946686595821432482941197489235727746003662420054141063824470772078160228606174744052844648440360685692196223070451848314137122444880219476646277185154129742752765606341354961810673976905875902481077468100148875367570687 65537}
I0521 12:50:01.008500   31761 grpc_attestor.go:432]      CreateKeyUsingAuth
I0521 12:50:01.122897   31761 grpc_attestor.go:470]      akPub: 0001000b00050072000000100014000b0800000000000100df56260943a5aae89258194172f12840176665ca306e82a6598b4537035dfe569bceb715f8dd85346ae8ed35c854e44dab154d914fa3fd3687002fae3f4392e6e75803cb75e049e1dc70a5112a64aafdbce05e1271194aa00c8d50956d344b21efb620d4d208d7058bb933ba34eca169ed3b89a2e5df23630f7dfb97448f3170c149a9412cc9bcdffed08b769d96df7c8997ef1d8b059a8e9009c64bb475910d4f09618090847edde034b6ab2a9714a3649d16a6e09fa23bcecfb337c9e5456d67b8ec4be95c16df56ec9da8da244fca7d8da39b10519aadf4391dfcdd6e00146b1b97113a64ee5ce1077df558daacf1b6e1edb8fca794066b5c3f5ea6874e83,
I0521 12:50:01.122955   31761 grpc_attestor.go:471]      akPriv: 002040deb7e6ab3ab99b1a2a8b695f941218a23168814e0451de935cc56baf0a9c870010f6604471e0afc5e5e790079c87371b133827c1653109548c1ac4e6b9f38d2a86812c421f4943fe1c6972ba7823ea8d6d4860ff22d062e900358b46c1fd8d7dac61ee1f2d448ae9b28bb0ae8af1642daaaeafc030c04bec9619030f10894e68c593c131960b8be2919db4cdf6e9a5554f01d1be08c1379be3585753bf37ea455a3b712b424433b9eb470ce617588407d175e6f0da1b8874a2192bfb8c1aaebbb84c5b852710008677906f36130ca04a7332dcfc869697dc2f62ee,
I0521 12:50:01.122989   31761 grpc_attestor.go:479]      CredentialData.ParentName.Digest.Value 21d6b9e1a0a9cbb6b56431dda86e87663c1f1d7b43616c7898a1b030d87f9e16
I0521 12:50:01.123037   31761 grpc_attestor.go:480]      CredentialTicket ef8d387464a08046545ac97eeb4673c5cc0e39005a730bb62867938c94eadf92
I0521 12:50:01.123061   31761 grpc_attestor.go:481]      CredentialHash 82b2e93221817f0e1b6ce28f462cc463ebd9fb1ef7e6c97f83c22140a2733713
I0521 12:50:01.123080   31761 grpc_attestor.go:483]      ContextSave (ek)
I0521 12:50:01.130400   31761 grpc_attestor.go:496]      ContextLoad (ek)
I0521 12:50:01.135701   31761 grpc_attestor.go:509]      LoadUsingAuth
I0521 12:50:01.142818   31761 grpc_attestor.go:546]      AK keyName 0022000b567c847670e5117d0cdf8452d24139b0109f7aa03410cc83cef526a292fd0083
I0521 12:50:01.145247   31761 grpc_attestor.go:571]      akPubPEM: 
-----BEGIN PUBLIC KEY-----
MIIBIjANBgkqhkiG9w0BAQEFAAOCAQ8AMIIBCgKCAQEA31YmCUOlquiSWBlBcvEo
QBdmZcowboKmWYtFNwNd/labzrcV+N2FNGro7TXIVORNqxVNkU+j/TaHAC+uP0OS
5udYA8t14Enh3HClESpkqv284F4ScRlKoAyNUJVtNEsh77Yg1NII1wWLuTO6NOyh
ae07iaLl3yNjD337l0SPMXDBSalBLMm83/7Qi3adlt98iZfvHYsFmo6QCcZLtHWR
DU8JYYCQhH7d4DS2qyqXFKNknRam4J+iO87PszfJ5UVtZ7jsS+lcFt9W7J2o2iRP
yn2No5sQUZqt9Dkd/N1uABRrG5cROmTuXOEHffVY2qzxtuHtuPynlAZrXD9epodO
gwIDAQAB
-----END PUBLIC KEY-----
I0521 12:50:01.145286   31761 grpc_attestor.go:573]      Write (akPub) ========
I0521 12:50:01.145477   31761 grpc_attestor.go:579]      Write (akPriv) ========
I0521 12:50:01.145601   31761 grpc_attestor.go:591]      Returning GetAK ========
I0521 12:50:01.162464   31761 grpc_attestor.go:135] >> inbound request
I0521 12:50:01.162523   31761 grpc_attestor.go:603] ======= ActivateCredential ========
I0521 12:50:01.162555   31761 grpc_attestor.go:604]      client provided uid: 369c327d-ad1f-401c-aa91-d9b0e69bft67
I0521 12:50:01.162618   31761 grpc_attestor.go:606]      ContextLoad (ek)
I0521 12:50:01.169148   31761 grpc_attestor.go:619]      Read (akPub)
I0521 12:50:01.169215   31761 grpc_attestor.go:625]      Read (akPriv)
I0521 12:50:01.176565   31761 grpc_attestor.go:667]      keyName 0022000b567c847670e5117d0cdf8452d24139b0109f7aa03410cc83cef526a292fd0083
I0521 12:50:01.176612   31761 grpc_attestor.go:669]      ActivateCredentialUsingAuth
I0521 12:50:01.186013   31761 grpc_attestor.go:722]      <--  activateCredential()
I0521 12:50:01.193237   31761 grpc_attestor.go:135] >> inbound request
I0521 12:50:01.193264   31761 grpc_attestor.go:199] ======= Attest ========
I0521 12:50:01.193273   31761 grpc_attestor.go:200]      client provided uid: 369c327d-ad1f-401c-aa91-d9b0e69bft67
I0521 12:50:01.193282   31761 grpc_attestor.go:207]      ContextLoad (ek) ========
I0521 12:50:01.199799   31761 grpc_attestor.go:219]      LoadUsingAuth ========
I0521 12:50:01.202601   31761 grpc_attestor.go:243]      Read (akPub) ========
I0521 12:50:01.202678   31761 grpc_attestor.go:249]      Read (akPriv) ========
I0521 12:50:01.205832   31761 grpc_attestor.go:263]      AK keyName 0022000b567c847670e5117d0cdf8452d24139b0109f7aa03410cc83cef526a292fd0083
I0521 12:50:01.208275   31761 grpc_attestor.go:270]      AK CachedKey Name 567c847670e5117d0cdf8452d24139b0109f7aa03410cc83cef526a292fd0083
I0521 12:50:01.208302   31761 grpc_attestor.go:274]      Getting EventLog from /sys/kernel/security/tpm0/binary_bios_measurements
I0521 12:50:01.242820   31761 grpc_attestor.go:295]      Returning Attest ========
I0521 12:50:01.255804   31761 grpc_attestor.go:135] >> inbound request
I0521 12:50:01.255840   31761 grpc_attestor.go:835] ======= PushSecret ========
I0521 12:50:01.255859   31761 grpc_attestor.go:836]      client provided uid: 369c327d-ad1f-401c-aa91-d9b0e69bft67
I0521 12:50:01.255875   31761 grpc_attestor.go:839]      Loading EndorsementKeyRSA
I0521 12:50:01.269541   31761 grpc_attestor.go:856]      Importing External Key
I0521 12:50:01.285781   31761 grpc_attestor.go:862]      <-- End importKey()
I0521 12:50:01.285843   31761 grpc_attestor.go:866]      Hash of imported Key bZeQ9G0KuKpHVwfZuobcMf7tL/ViU1maVaJCAY+QjfU=
I0521 12:50:01.289322   31761 grpc_attestor.go:135] >> inbound request
I0521 12:50:01.289361   31761 grpc_attestor.go:955] ======= PullRSAKey ========
I0521 12:50:01.289381   31761 grpc_attestor.go:956]      client provided uid: 369c327d-ad1f-401c-aa91-d9b0e69bft67
I0521 12:50:01.289453   31761 grpc_attestor.go:958] ======= Generate UnrestrictedKey ========
I0521 12:50:01.289462   31761 grpc_attestor.go:960]      ContextLoad (ek) ========
I0521 12:50:01.296030   31761 grpc_attestor.go:973]      Loading AttestationKey
I0521 12:50:01.301995   31761 grpc_attestor.go:1014]      AK keyName: ACIAC1Z8hHZw5RF9DN+EUtJBObAQn3qgNBDMg871JqKS/QCD,
I0521 12:50:01.303177   31761 grpc_attestor.go:1041]      akPub PEM 
-----BEGIN PUBLIC KEY-----
MIIBIjANBgkqhkiG9w0BAQEFAAOCAQ8AMIIBCgKCAQEA31YmCUOlquiSWBlBcvEo
QBdmZcowboKmWYtFNwNd/labzrcV+N2FNGro7TXIVORNqxVNkU+j/TaHAC+uP0OS
5udYA8t14Enh3HClESpkqv284F4ScRlKoAyNUJVtNEsh77Yg1NII1wWLuTO6NOyh
ae07iaLl3yNjD337l0SPMXDBSalBLMm83/7Qi3adlt98iZfvHYsFmo6QCcZLtHWR
DU8JYYCQhH7d4DS2qyqXFKNknRam4J+iO87PszfJ5UVtZ7jsS+lcFt9W7J2o2iRP
yn2No5sQUZqt9Dkd/N1uABRrG5cROmTuXOEHffVY2qzxtuHtuPynlAZrXD9epodO
gwIDAQAB
-----END PUBLIC KEY-----
I0521 12:50:01.303206   31761 grpc_attestor.go:1045]      ======= CreateKeyUsingAuthUnrestricted ========
I0521 12:50:01.307333   31761 grpc_attestor.go:1078]      PCR [0] Value a0b5ff3383a1116bd7dc6df177c0c2d433b9ee1813ea958fa5d166a202cb2a85 
I0521 12:50:01.308822   31761 grpc_attestor.go:1078]      PCR [7] Value 39227c17e8779c0db03bbb4b6275f3871c97c59b3146768218887b825659e989 
I0521 12:50:01.470386   31761 grpc_attestor.go:1093]      Unrestricted ukPub: 0001000b00040072000000100014000b0800000000000100c02db6ae109a2e7ddfb0dfadadc1c7fdc1b9e402731bf6aa66b840a58469f0f1003cd402092d9caeec839494a3fc47238ee1a7b1b49b7e96b5844d474bec0d75e21955c9dfba308a9882eade083b9ae7913266c128a893ed3efeb5fd8dad5c35d1315ea83bb578eb14039c7e011f12bd9c8fc95af48aed9180a5ce29b6f8b00cb68afcd0ff05d0879845a0efe0d3eeb415f4321f583007e866f13c07fc1c6d5a6591451a2cf95e3e443276ad1100151eb448ef2ccddc2c3ab5cf6f114a3c0ab3779ef7d4be6f413a1d812d59228730ed565e9750ab6335f2e2f2a4d3ffcb7db98d27cef70c55686dff8862915208d71cdb35a58525e3813b418a2990df40aed1,
I0521 12:50:01.470439   31761 grpc_attestor.go:1094]      Unrestricted ukPriv: 0020ddad68f8e3f71b39d7b523d03b1ed4d8b8acfcac1c10a489dca9281b4aba58b50010ecadf37e08b5186d9a8d9d711235c21e319a49ccba0f500090ed6b072b292fd477c2a24e35e601a9493977ce853f4e3607642c27fc2a14d81dfe6b063d24f83d53939228c8ff385622f84df690751ed3c57796b541c3c5baa0bca2d36eac4aabc936ca4e088f55c35af2b64ed2ecdab518d6bd0754afadb92644392056ca5b538f25d8e044f1d1079d4de8a897e72f2867862f8bda856e7aaa8f815e5d3d9f3292231443383679242c77ca1820ec6276f7acd18ac57cc370d991,
I0521 12:50:01.470462   31761 grpc_attestor.go:1096]      Write (ukPub) ========
I0521 12:50:01.470669   31761 grpc_attestor.go:1102]      Write (ukPriv) ========
I0521 12:50:01.478129   31761 grpc_attestor.go:1139]      ukeyName: ACIAC5hftpRJMKrS+szw1gYkOZ3meR4LOwqw1WaC09JuRfFw,
I0521 12:50:01.478239   31761 grpc_attestor.go:1165]      uakPub PEM 
-----BEGIN PUBLIC KEY-----
MIIBIjANBgkqhkiG9w0BAQEFAAOCAQ8AMIIBCgKCAQEAwC22rhCaLn3fsN+trcHH
/cG55AJzG/aqZrhApYRp8PEAPNQCCS2cruyDlJSj/EcjjuGnsbSbfpa1hE1HS+wN
deIZVcnfujCKmILq3gg7mueRMmbBKKiT7T7+tf2NrVw10TFeqDu1eOsUA5x+AR8S
vZyPyVr0iu2RgKXOKbb4sAy2ivzQ/wXQh5hFoO/g0+60FfQyH1gwB+hm8TwH/Bxt
WmWRRRos+V4+RDJ2rREAFR60SO8szdwsOrXPbxFKPAqzd5731L5vQTodgS1ZIocw
7VZel1CrYzXy4vKk0//LfbmNJ873DFVobf+IYpFSCNcc2zWlhSXjgTtBiimQ30Cu
0QIDAQAB
-----END PUBLIC KEY-----
I0521 12:50:01.482224   31761 grpc_attestor.go:1175]      Certify Attestation: ff54434780170022000b02e21f4370294f3dba2027faa29f4b493f2bffed90f2fb2d06a3692ed546a95d000000000000003112820000000f000000000120160511001628000022000b985fb6944930aad2faccf0d60624399de6791e0b3b0ab0d56682d3d26e45f1700022000bbf96e02172023fb4b60581e89f33074e64e9cd208a90b7926f513bbe9dfbebc9,
I0521 12:50:01.482256   31761 grpc_attestor.go:1176]      Certify Signature: a3d0c605e8210f77954b0f0ab6e4aafec331e3b5c27cb7da939f81f56793e46aaef6d240878734f3da53e160ae62090d8f3a36cdfc7bff329b4fe06ff0420c87d699ea886737f5f245c42b15b030637aee70437aaf50c328d4613acf60604601acc451e0c641570dc80586661f1af1aa39ccc9af8b1611360a27fccf358b93a1fafa9100ece18b0bea265fc6318dcceffd1d2c94d6dbcd0a852ae6dccfcfa840defa9c0389ff2975b8cb5ebf3df6012f83a44702ca9fc11b7f9230d90ccc953c6f536ee5e206eced6b0b6b0420fabfd4b7bc913aa713e7649727c24c07de60b4ef8066f6245d57ccdb58a67672da98650d1e1e1fb8efb2e453000565e4559842,
I0521 12:50:01.483537   31761 grpc_attestor.go:1181]      Data to sign: 369c327d-ad1f-401c-aa91-d9b0e69bft67
I0521 12:50:01.488732   31761 grpc_attestor.go:1197]      Test Signature:  lsGhdtee1TwIhw7VNPjJF1wytHFQiwyDcuqBW0bRUmPZgER/nkcoZMxtV9IGeYecShXYodlaBs83TnRuF+ZjLApLum8vrCYLbiJKyuQG90rXy2/QEaWVdf4BAGieUKimEU1S2KXHWwcjrOoZNBGGggdPZ+K/CJcbQJfxKmRlXgg6pHjETjg4iYq7okjlHNelrtVY9rOKed1C5Z8Cakr6saI0LHvtIKMwARjJtQ3ltj7wMq0AUQJbT/vMuQfwXZVJbRc93xu2y22smQnXXwAHxsqGQ/0+GYK3V0IXbAsTdmUhRhUJnW/ixHMv/b413OxdDkJVDvEJ6ZPLD4ostUHqlg
I0521 12:50:01.488813   31761 grpc_attestor.go:1200]      Read and Decode (attestion)
I0521 12:50:01.488915   31761 grpc_attestor.go:1240]      Attestation : MatchesPublic true
I0521 12:50:01.488958   31761 grpc_attestor.go:1241]      Attestation att.AttestedCertifyInfo.Name: mF+2lEkwqtL6zPDWBiQ5neZ5Hgs7CrDVZoLT0m5F8XA=
I0521 12:50:01.489002   31761 grpc_attestor.go:1249]      Decoding PublicKey for AK ========
I0521 12:50:01.489141   31761 grpc_attestor.go:1278]      Signature Verified
I0521 12:50:01.489199   31761 grpc_attestor.go:1293]      Returning PullRSAKeyResponse